Microchip MPLAB XC8 Compiler V3.10

Linker command line:

-W-3 \
  --edf=C:\Program Files\Microchip\xc8\v3.10\pic\dat\20250813170317_en.msgs \
  -cn -h+dist/default/production\projetoMicMic.X.production.sym \
  --cmf=dist/default/production\projetoMicMic.X.production.cmf -z -Q16F877A \
  -oC:\Users\clara\AppData\Local\Temp\xcAsgto.0\driver_tmp_3.o \
  --defsym=__MPLAB_BUILD=1 --fixupoverflow=error \
  -Mdist/default/production/projetoMicMic.X.production.map \
  --md=C:\Users\clara\AppData\Local\Temp\xcAsgto.0\driver_tmp_0.dat -E1 \
  -ver=XC8 Compiler -ACODE=00h-07FFhx4 -ASTRCODE=00h-01FFFh \
  -ASTRING=00h-0FFhx32 -ACONST=00h-0FFhx32 -AENTRY=00h-0FFhx32 \
  -ACOMMON=070h-07Fh -ABANK0=020h-06Fh -ABANK1=0A0h-0EFh \
  -ABANK2=0110h-016Fh -ABANK3=0190h-01EFh \
  -ARAM=020h-06Fh,0A0h-0EFh,0110h-016Fh,0190h-01EFh \
  -AABS1=020h-07Fh,0A0h-0EFh,0110h-016Fh,0190h-01EFh -ASFR0=00h-01Fh \
  -ASFR1=080h-09Fh -ASFR2=0100h-010Fh -ASFR3=0180h-018Fh \
  -ACONFIG=02007h-02007h -DCONFIG=2 -AIDLOC=02000h-02003h -DIDLOC=2 \
  -AEEDATA=00h-0FFh/02100h -peeprom_data=EEDATA -DEEDATA=2 -DCODE=2 \
  -DSTRCODE=2 -DSTRING=2 -DCONST=2 -DENTRY=2 \
  -preset_vec=00h,intentry=04h,sivt,init,end_init -ppowerup=CODE \
  -pcinit=CODE -pfunctab=ENTRY -k \
  C:\Users\clara\AppData\Local\Temp\xcAsgto.0\driver_tmp_17.o \
  dist/default/production\projetoMicMic.X.production.o 

Object code version is 3.11

Machine type is 16F877A



                Name                               Link     Load   Length Selector   Space Scale
C:\Users\clara\AppData\Local\Temp\xcAsgto.0\driver_tmp_17.o
                end_init                              C        C        3        8       0
                reset_vec                             0        0        3        0       0
                config                             2007     2007        1        0       4
dist/default/production\projetoMicMic.X.production.o
                cinit                                 F        F       14        8       0
                intentry                              4        4        8        8       0
                config                             2007     2007        1        0       4
                text27                              B8F      B8F       12     171E       0
                text26                              B4A      B4A        9     1694       0
                text25                              BB6      BB6       16     176C       0
                text24                              BA1      BA1       15     1742       0
                text23                              BE6      BE6       24     17CC       0
                text22                              4DE      4DE       22        8       0
                text21                              BCC      BCC       1A     1798       0
                text20                              B53      B53        D     16A6       0
                text19                              DA0      DA0       5E     1B40       0
                text18                              CC1      CC1       3C     1982       0
                text17                              C8A      C8A       37     1914       0
                text16                              7BA      7BA       46      CF0       0
                text15                              B3B      B3B        7     1676       0
                text14                              EC7      EC7       99     1D8E       0
                text13                              C56      C56       34     18AC       0
                text12                              B6E      B6E       10     16DC       0
                text11                              B60      B60        E     16C0       0
                text10                              E61      E61       66     1CC2       0
                text9                               CFD      CFD       4C     19FA       0
                text8                               DFE      DFE       63     1BFC       0
                text7                               D49      D49       57     1A92       0
                text6                               B7E      B7E       11     16FC       0
                text5                                 3        3        1        0       0
                text4                               F60      F60       A0     1EC0       0
                text3                               678      678      142      CF0       0
                text2                               C2F      C2F       27     185E       0
                text1                               C0A      C0A       25     1814       0
                maintext                             23       23      4BB        8       0
                cstackBANK0                          20       20       35       20       1
                cstackCOMMON                         70       70        C       70       1
                cstackBANK1                          C4       C4       1C       A0       1
                clrtext                             B42      B42        8     1684       0
                bssBANK1                             A0       A0       24       A0       1
                bssBANK0                             55       55        5       20       1
                stringtext                          500      500      178        A       0
                strings                             800      800       12     1000       0

TOTAL           Name                               Link     Load   Length     Space
        CLASS   CODE           
                end_init                              C        C        3         0
                cinit                                 F        F       14         0
                intentry                              4        4        8         0
                reset_vec                             0        0        3         0
                text27                              B8F      B8F       12         0
                text26                              B4A      B4A        9         0
                text25                              BB6      BB6       16         0
                text24                              BA1      BA1       15         0
                text23                              BE6      BE6       24         0
                text22                              4DE      4DE       22         0
                text21                              BCC      BCC       1A         0
                text20                              B53      B53        D         0
                text19                              DA0      DA0       5E         0
                text18                              CC1      CC1       3C         0
                text17                              C8A      C8A       37         0
                text16                              7BA      7BA       46         0
                text15                              B3B      B3B        7         0
                text14                              EC7      EC7       99         0
                text13                              C56      C56       34         0
                text12                              B6E      B6E       10         0
                text11                              B60      B60        E         0
                text10                              E61      E61       66         0
                text9                               CFD      CFD       4C         0
                text8                               DFE      DFE       63         0
                text7                               D49      D49       57         0
                text6                               B7E      B7E       11         0
                text5                                 3        3        1         0
                text4                               F60      F60       A0         0
                text3                               678      678      142         0
                text2                               C2F      C2F       27         0
                text1                               C0A      C0A       25         0
                maintext                             23       23      4BB         0
                clrtext                             B42      B42        8         0

        CLASS   STRCODE        
                stringtext                          500      500      178         0

        CLASS   STRING         
                strings                             800      800       12         0

        CLASS   CONST          

        CLASS   ENTRY          

        CLASS   COMMON         
                cstackCOMMON                         70       70        C         1

        CLASS   BANK0          
                cstackBANK0                          20       20       35         1
                bssBANK0                             55       55        5         1

        CLASS   BANK1          
                cstackBANK1                          C4       C4       1C         1
                bssBANK1                             A0       A0       24         1

        CLASS   BANK2          

        CLASS   BANK3          

        CLASS   RAM            

        CLASS   ABS1           
                abs_s1                               7E       7E        2         1

        CLASS   SFR0           

        CLASS   SFR1           

        CLASS   SFR2           

        CLASS   SFR3           

        CLASS   CONFIG         
                config                             2007     2007        1         4

        CLASS   IDLOC          

        CLASS   EEDATA         

        CLASS   HEAP           

        CLASS   STACK          



SEGMENTS        Name                           Load    Length   Top    Selector   Space  Class     Delta

                reset_vec                      000000  000004  000004         0       0  CODE        2
                intentry                       000004  0004FC  000500         8       0  CODE        2
                cstackBANK0                    000020  00003A  00005A        20       1  BANK0       1
                cstackCOMMON                   000070  00000C  00007C        70       1  COMMON      1
                bssBANK1                       0000A0  000040  0000E0        A0       1  BANK1       1
                stringtext                     000500  000178  000678         A       0  STRCODE     2
                text3                          000678  000188  000800       CF0       0  CODE        2
                strings                        000800  000012  000812      1000       0  STRING      2
                text15                         000B3B  000007  000B42      1676       0  CODE        2
                clrtext                        000B42  000008  000B4A      1684       0  CODE        2
                text26                         000B4A  000009  000B53      1694       0  CODE        2
                text20                         000B53  00000D  000B60      16A6       0  CODE        2
                text11                         000B60  00000E  000B6E      16C0       0  CODE        2
                text12                         000B6E  000010  000B7E      16DC       0  CODE        2
                text6                          000B7E  000011  000B8F      16FC       0  CODE        2
                text27                         000B8F  000012  000BA1      171E       0  CODE        2
                text24                         000BA1  000015  000BB6      1742       0  CODE        2
                text25                         000BB6  000016  000BCC      176C       0  CODE        2
                text21                         000BCC  00001A  000BE6      1798       0  CODE        2
                text23                         000BE6  000024  000C0A      17CC       0  CODE        2
                text1                          000C0A  000025  000C2F      1814       0  CODE        2
                text2                          000C2F  000027  000C56      185E       0  CODE        2
                text13                         000C56  000034  000C8A      18AC       0  CODE        2
                text17                         000C8A  000037  000CC1      1914       0  CODE        2
                text18                         000CC1  00003C  000CFD      1982       0  CODE        2
                text9                          000CFD  00004C  000D49      19FA       0  CODE        2
                text7                          000D49  000057  000DA0      1A92       0  CODE        2
                text19                         000DA0  00005E  000DFE      1B40       0  CODE        2
                text8                          000DFE  000063  000E61      1BFC       0  CODE        2
                text10                         000E61  000066  000EC7      1CC2       0  CODE        2
                text14                         000EC7  000099  000F60      1D8E       0  CODE        2
                text4                          000F60  0000A0  001000      1EC0       0  CODE        2


UNUSED ADDRESS RANGES

        Name                Unused          Largest block    Delta
        BANK0            005A-006F             16           1
        BANK1            00E0-00EF             10           1
        BANK2            0110-016F             60           1
        BANK3            0190-01EF             60           1
        CODE             0812-0B3A            329           2
                         1000-1FFF            800
        COMMON           007C-007D              2           1
        CONST            0812-0B3A            100           2
                         1000-1FFF            100
        EEDATA           2100-21FF            100           2
        ENTRY            0812-0B3A            100           2
                         1000-1FFF            100
        IDLOC            2000-2003              4           2
        RAM              005A-006F             16           1
                         00E0-00EF             10
                         0110-016F             60
                         0190-01EF             60
        SFR0             0000-001F             20           1
        SFR1             0080-009F             20           1
        SFR2             0100-010F             10           1
        SFR3             0180-018F             10           1
        STRCODE          0812-0B3A            329           2
                         1000-1FFF           1000
        STRING           0812-0B3A            100           2
                         1000-1FFF            100

                                  Symbol Table

?_ADC_Read                cstackCOMMON 0072
?___aldiv                 cstackCOMMON 0072
?___awdiv                 cstackCOMMON 0072
?___awmod                 cstackCOMMON 0072
?___lldiv                 cstackBANK0  0024
?___lmul                  cstackCOMMON 0072
?_abs                     cstackCOMMON 0078
?_sprintf                 cstackBANK0  0040
?_vfprintf                cstackBANK0  0039
EEPROM_Read@addr          cstackCOMMON 0072
EEPROM_Write@addr         cstackCOMMON 0073
EEPROM_Write@data         cstackCOMMON 0072
Lcd_Cmd@a                 cstackCOMMON 0075
Lcd_Port@a                cstackCOMMON 0072
Lcd_Set_Cursor@a          cstackCOMMON 007A
Lcd_Set_Cursor@b          cstackCOMMON 0076
Lcd_Set_Cursor@t          cstackCOMMON 007B
Lcd_Set_Cursor@y          cstackCOMMON 0079
Lcd_Set_Cursor@z          cstackCOMMON 0078
Lcd_Write_Char@a          cstackCOMMON 0076
Lcd_Write_Char@t          cstackCOMMON 0074
Lcd_Write_Char@y          cstackCOMMON 0075
Lcd_Write_String@a        cstackCOMMON 0077
Lcd_Write_String@i        cstackBANK0  0020
UART_Init@baud            cstackBANK0  0026
UART_Write@d              cstackCOMMON 0072
_ADCON0                   (abs)        001F
_ADCON1                   (abs)        009F
_ADC_Init                 text26       0B4A
_ADC_Read                 text25       0BB6
_ADRESH                   (abs)        001E
_ADRESL                   (abs)        009E
_EEADR                    (abs)        010D
_EECON1bits               (abs)        018C
_EECON2                   (abs)        018D
_EEDATA                   (abs)        010C
_EEPROM_Read              text24       0BA1
_EEPROM_Write             text23       0BE6
_GO_nDONE                 (abs)        00FA
_INTCONbits               (abs)        000B
_ISR                      text27       0B8F
_Lcd_Clear                text20       0B53
_Lcd_Cmd                  text21       0BCC
_Lcd_Init                 text19       0DA0
_Lcd_Port                 text22       04DE
_Lcd_Set_Cursor           text18       0CC1
_Lcd_Write_Char           text17       0C8A
_Lcd_Write_String         text16       07BA
_OPTION_REGbits           (abs)        0081
_PIR1bits                 (abs)        000C
_PORTBbits                (abs)        0006
_RCREG                    (abs)        001A
_RCSTAbits                (abs)        0018
_RD2                      (abs)        0042
_RD3                      (abs)        0043
_RD4                      (abs)        0044
_RD5                      (abs)        0045
_RD6                      (abs)        0046
_RD7                      (abs)        0047
_SPBRG                    (abs)        0099
_TRISB                    (abs)        0086
_TRISD                    (abs)        0088
_TXREG                    (abs)        0019
_TXSTAbits                (abs)        0098
_UART_Data_Ready          text15       0B3B
_UART_Init                text13       0C56
_UART_Read                text12       0B6E
_UART_Write               text11       0B60
__H__absolute__           __absolute__ 0000
__Habs1                   abs1         0000
__Hbank0                  bank0        0000
__Hbank1                  bank1        0000
__Hbank2                  bank2        0000
__Hbank3                  bank3        0000
__HbssBANK0               bssBANK0     0000
__HbssBANK1               bssBANK1     0000
__Hcinit                  cinit        0023
__Hclrtext                clrtext      0000
__Hcode                   code         0000
__Hcommon                 common       0000
__Hconfig                 config       2008
__HcstackBANK0            cstackBANK0  0000
__HcstackBANK1            cstackBANK1  0000
__HcstackCOMMON           cstackCOMMON 0000
__Heeprom_data            eeprom_data  0000
__Hend_init               end_init     000F
__Hfunctab                functab      0000
__Hheap                   heap         0000
__Hinit                   init         000C
__Hintentry               intentry     000C
__Hmaintext               maintext     0000
__Hpowerup                powerup      0000
__Hram                    ram          0000
__Hreset_vec              reset_vec    0003
__Hsfr0                   sfr0         0000
__Hsfr1                   sfr1         0000
__Hsfr2                   sfr2         0000
__Hsfr3                   sfr3         0000
__Hsivt                   sivt         000C
__Hspace_0                (abs)        1000
__Hspace_1                (abs)        00E0
__Hspace_2                (abs)        0000
__Hspace_3                (abs)        0000
__Hspace_4                (abs)        400F
__Hstack                  stack        0000
__Hstrings                strings      0000
__Hstringtext             stringtext   0000
__Htext                   text         0000
__L__absolute__           __absolute__ 0000
__Labs1                   abs1         0000
__Lbank0                  bank0        0000
__Lbank1                  bank1        0000
__Lbank2                  bank2        0000
__Lbank3                  bank3        0000
__LbssBANK0               bssBANK0     0000
__LbssBANK1               bssBANK1     0000
__Lcinit                  cinit        000F
__Lclrtext                clrtext      0000
__Lcode                   code         0000
__Lcommon                 common       0000
__Lconfig                 config       0000
__LcstackBANK0            cstackBANK0  0000
__LcstackBANK1            cstackBANK1  0000
__LcstackCOMMON           cstackCOMMON 0000
__Leeprom_data            eeprom_data  0000
__Lend_init               end_init     000C
__Lfunctab                functab      0000
__Lheap                   heap         0000
__Linit                   init         000C
__Lintentry               intentry     0004
__Lmaintext               maintext     0000
__Lpowerup                powerup      0000
__Lram                    ram          0000
__Lreset_vec              reset_vec    0000
__Lsfr0                   sfr0         0000
__Lsfr1                   sfr1         0000
__Lsfr2                   sfr2         0000
__Lsfr3                   sfr3         0000
__Lsivt                   sivt         000C
__Lspace_0                (abs)        0000
__Lspace_1                (abs)        0000
__Lspace_2                (abs)        0000
__Lspace_3                (abs)        0000
__Lspace_4                (abs)        0000
__Lstack                  stack        0000
__Lstrings                strings      0000
__Lstringtext             stringtext   0000
__Ltext                   text         0000
__S0                      (abs)        1000
__S1                      (abs)        00E0
__S3                      (abs)        0000
___aldiv                  text14       0EC7
___aldiv@counter          cstackBANK0  0020
___aldiv@dividend         cstackCOMMON 0076
___aldiv@divisor          cstackCOMMON 0072
___aldiv@quotient         cstackBANK0  0022
___aldiv@sign             cstackBANK0  0021
___awdiv                  text8        0DFE
___awdiv@counter          cstackCOMMON 0076
___awdiv@dividend         cstackCOMMON 0074
___awdiv@divisor          cstackCOMMON 0072
___awdiv@quotient         cstackCOMMON 0078
___awdiv@sign             cstackCOMMON 0077
___awmod                  text7        0D49
___awmod@counter          cstackCOMMON 0076
___awmod@dividend         cstackCOMMON 0074
___awmod@divisor          cstackCOMMON 0072
___awmod@sign             cstackCOMMON 0077
___heap_hi                (abs)        0000
___heap_lo                (abs)        0000
___int_sp                 stack        0000
___int_stack_hi           stack        0000
___int_stack_lo           stack        0000
___latbits                (abs)        0002
___lldiv                  text10       0E61
___lldiv@counter          cstackBANK0  0030
___lldiv@dividend         cstackBANK0  0028
___lldiv@divisor          cstackBANK0  0024
___lldiv@quotient         cstackBANK0  002C
___lmul                   text9        0CFD
___lmul@multiplicand      cstackCOMMON 0076
___lmul@multiplier        cstackCOMMON 0072
___lmul@product           cstackBANK0  0020
___sp                     stack        0000
___stack_hi               stack        0000
___stack_lo               stack        0000
___stackhi                (abs)        0000
___stacklo                (abs)        0000
__end_of_ADC_Init         text26       0B53
__end_of_ADC_Read         text25       0BCC
__end_of_EEPROM_Read      text24       0BB6
__end_of_EEPROM_Write     text23       0C0A
__end_of_ISR              text27       0BA1
__end_of_Lcd_Clear        text20       0B60
__end_of_Lcd_Cmd          text21       0BE6
__end_of_Lcd_Init         text19       0DFE
__end_of_Lcd_Port         text22       0500
__end_of_Lcd_Set_Cursor   text18       0CFD
__end_of_Lcd_Write_Char   text17       0CC1
__end_of_Lcd_Write_String text16       0800
__end_of_UART_Data_Ready  text15       0B42
__end_of_UART_Init        text13       0C8A
__end_of_UART_Read        text12       0B7E
__end_of_UART_Write       text11       0B6E
__end_of___aldiv          text14       0F60
__end_of___awdiv          text8        0E61
__end_of___awmod          text7        0DA0
__end_of___lldiv          text10       0EC7
__end_of___lmul           text9        0D49
__end_of__initialization  cinit        001F
__end_of__stringtab       strings      0812
__end_of_abs              text6        0B8F
__end_of_fputc            text4        1000
__end_of_main             maintext     04DE
__end_of_putch            text5        0004
__end_of_sprintf          text1        0C2F
__end_of_vfpfcnvrt        text3        07BA
__end_of_vfprintf         text2        0C56
__initialization          cinit        000F
__pbssBANK0               bssBANK0     0055
__pbssBANK1               bssBANK1     00A0
__pcstackBANK0            cstackBANK0  0020
__pcstackBANK1            cstackBANK1  00C4
__pcstackCOMMON           cstackCOMMON 0070
__pintentry               intentry     0004
__pmaintext               maintext     0023
__pstrings                strings      0800
__pstringtext             stringtext   0500
__ptext1                  text1        0C0A
__ptext10                 text10       0E61
__ptext11                 text11       0B60
__ptext12                 text12       0B6E
__ptext13                 text13       0C56
__ptext14                 text14       0EC7
__ptext15                 text15       0B3B
__ptext16                 text16       07BA
__ptext17                 text17       0C8A
__ptext18                 text18       0CC1
__ptext19                 text19       0DA0
__ptext2                  text2        0C2F
__ptext20                 text20       0B53
__ptext21                 text21       0BCC
__ptext22                 text22       04DE
__ptext23                 text23       0BE6
__ptext24                 text24       0BA1
__ptext25                 text25       0BB6
__ptext26                 text26       0B4A
__ptext27                 text27       0B8F
__ptext3                  text3        0678
__ptext4                  text4        0F60
__ptext5                  text5        0003
__ptext6                  text6        0B7E
__ptext7                  text7        0D49
__ptext8                  text8        0DFE
__ptext9                  text9        0CFD
__stringbase              strings      0812
__stringtab               strings      0800
_abortar                  bssBANK1     00C2
_abs                      text6        0B7E
_dbuf                     bssBANK1     00A0
_flags                    bssBANK0     0059
_fputc                    text4        0F60
_main                     maintext     0023
_menu                     bssBANK1     00C0
_prec                     bssBANK0     0057
_putch                    text5        0003
_sprintf                  text1        0C0A
_vfpfcnvrt                text3        0678
_vfprintf                 text2        0C2F
_width                    bssBANK0     0055
abs@a                     cstackCOMMON 0078
btemp                     (abs)        007E
btemp0                    (abs)        007E
btemp1                    (abs)        007F
clear_ram0                clrtext      0B42
end_of_initialization     cinit        001F
fputc@c                   cstackCOMMON 0072
fputc@fp                  cstackCOMMON 0074
interrupt_function        intentry     0004
intlevel0                 functab      0000
intlevel1                 functab      0000
intlevel2                 functab      0000
intlevel3                 functab      0000
intlevel4                 functab      0000
intlevel5                 functab      0000
ltemp0a                   (abs)        0080
main@c                    cstackBANK1  00DF
main@i                    cstackBANK1  00DA
main@intes                cstackBANK1  00DD
main@k                    cstackBANK1  00DC
main@pot                  cstackBANK1  00D8
main@s                    cstackBANK1  00C4
reset_vec                 reset_vec    0000
saved_w                   (abs)        007E
sprintf@ap                cstackBANK0  0046
sprintf@f                 cstackBANK0  0047
sprintf@fmt               cstackBANK0  0041
sprintf@s                 cstackBANK0  0040
start                     init         000C
start_initialization      cinit        000F
ttemp0a                   (abs)        007F
vfpfcnvrt@ap              cstackBANK0  002C
vfpfcnvrt@c               cstackBANK0  0038
vfpfcnvrt@convarg         cstackBANK0  0034
vfpfcnvrt@cp              cstackBANK0  0032
vfpfcnvrt@done            cstackBANK0  0031
vfpfcnvrt@fmt             cstackBANK0  002B
vfpfcnvrt@fp              cstackBANK0  0029
vfprintf@ap               cstackBANK0  003D
vfprintf@cfmt             cstackBANK0  003E
vfprintf@fmt              cstackBANK0  003B
vfprintf@fp               cstackBANK0  0039
wtemp0                    (abs)        007E
wtemp0a                   (abs)        007F


MODULE INFORMATION

Module		Function		Class		Link	Load	Size
C:\Program Files\Microchip\xc8\v3.10\pic\sources\c99\common\awmod.c
		___awmod       		CODE           	0D49	0000	87

C:\Program Files\Microchip\xc8\v3.10\pic\sources\c99\common\awmod.c estimated size: 87

C:\Program Files\Microchip\xc8\v3.10\pic\sources\c99\common\putch.c
		_putch         		CODE           	0003	0000	1

C:\Program Files\Microchip\xc8\v3.10\pic\sources\c99\common\putch.c estimated size: 1

C:\Program Files\Microchip\xc8\v3.10\pic\sources\c99\common\abs.c
		_abs           		CODE           	0B7E	0000	17

C:\Program Files\Microchip\xc8\v3.10\pic\sources\c99\common\abs.c estimated size: 17

fuzzer.c
		_Lcd_Write_String		CODE           	07BA	0000	70
		_Lcd_Init      		CODE           	0DA0	0000	94
		_ISR           		CODE           	0B8F	0000	18
		_UART_Read     		CODE           	0B6E	0000	16
		_Lcd_Write_Char		CODE           	0C8A	0000	55
		_UART_Data_Ready		CODE           	0B3B	0000	7
		_EEPROM_Read   		CODE           	0BA1	0000	21
		_UART_Init     		CODE           	0C56	0000	52
		_EEPROM_Write  		CODE           	0BE6	0000	36
		_main          		CODE           	0023	0000	1211
		_Lcd_Cmd       		CODE           	0BCC	0000	26
		_Lcd_Set_Cursor		CODE           	0CC1	0000	60
		_Lcd_Clear     		CODE           	0B53	0000	13
		_UART_Write    		CODE           	0B60	0000	14
		_Lcd_Port      		CODE           	04DE	0000	34
		_ADC_Read      		CODE           	0BB6	0000	22
		_ADC_Init      		CODE           	0B4A	0000	9

fuzzer.c estimated size: 1758

C:\Program Files\Microchip\xc8\v3.10\pic\sources\c99\common\Umul32.c
		___lmul        		CODE           	0CFD	0000	76

C:\Program Files\Microchip\xc8\v3.10\pic\sources\c99\common\Umul32.c estimated size: 76

C:\Program Files\Microchip\xc8\v3.10\pic\sources\c99\common\awdiv.c
		___awdiv       		CODE           	0DFE	0000	99

C:\Program Files\Microchip\xc8\v3.10\pic\sources\c99\common\awdiv.c estimated size: 99

C:\Program Files\Microchip\xc8\v3.10\pic\sources\c99\common\aldiv.c
		___aldiv       		CODE           	0EC7	0000	153

C:\Program Files\Microchip\xc8\v3.10\pic\sources\c99\common\aldiv.c estimated size: 153

C:\Program Files\Microchip\xc8\v3.10\pic\sources\c99\common\nf_sprintf.c
		_sprintf       		CODE           	0C0A	0000	37

C:\Program Files\Microchip\xc8\v3.10\pic\sources\c99\common\nf_sprintf.c estimated size: 37

shared
		__stringtab    		STRING         	0800	0000	18
		__initialization		CODE           	000F	0000	16

shared estimated size: 34

C:\Program Files\Microchip\xc8\v3.10\pic\sources\c99\common\nf_fputc.c
		_fputc         		CODE           	0F60	0000	160

C:\Program Files\Microchip\xc8\v3.10\pic\sources\c99\common\nf_fputc.c estimated size: 160

C:\Program Files\Microchip\xc8\v3.10\pic\sources\c99\common\__lldiv.c
		___lldiv       		CODE           	0E61	0000	102

C:\Program Files\Microchip\xc8\v3.10\pic\sources\c99\common\__lldiv.c estimated size: 102

C:\Program Files\Microchip\xc8\v3.10\pic\sources\c99\common\doprnt.c
		_vfpfcnvrt     		CODE           	0678	0000	322
		_vfprintf      		CODE           	0C2F	0000	39

C:\Program Files\Microchip\xc8\v3.10\pic\sources\c99\common\doprnt.c estimated size: 361

